[debug] [2024-09-30T13:45:08.184Z] ----------------------------------------------------------------------
[debug] [2024-09-30T13:45:08.189Z] Command:       C:\Program Files\nodejs\node.exe C:\Users\yashr\AppData\Roaming\npm\node_modules\firebase-tools\lib\bin\firebase.js deploy
[debug] [2024-09-30T13:45:08.190Z] CLI Version:   13.20.1
[debug] [2024-09-30T13:45:08.190Z] Platform:      win32
[debug] [2024-09-30T13:45:08.190Z] Node Version:  v20.14.0
[debug] [2024-09-30T13:45:08.190Z] Time:          Mon Sep 30 2024 19:15:08 GMT+0530 (India Standard Time)
[debug] [2024-09-30T13:45:08.191Z] ----------------------------------------------------------------------
[debug] 
[debug] [2024-09-30T13:45:08.194Z] >>> [apiv2][query] GET https://firebase-public.firebaseio.com/cli.json [none]
[debug] [2024-09-30T13:45:08.297Z] > command requires scopes: ["email","openid","https://www.googleapis.com/auth/cloudplatformprojects.readonly","https://www.googleapis.com/auth/firebase","https://www.googleapis.com/auth/cloud-platform"]
[debug] [2024-09-30T13:45:08.297Z] > authorizing via signed-in user (artofhunny@gmail.com)
[debug] [2024-09-30T13:45:08.297Z] [iam] checking project netflixgpt-b33f7 for permissions ["firebase.projects.get","firebasehosting.sites.update"]
[debug] [2024-09-30T13:45:08.298Z] Checked if tokens are valid: false, expires at: 1727523313072
[debug] [2024-09-30T13:45:08.298Z] Checked if tokens are valid: false, expires at: 1727523313072
[debug] [2024-09-30T13:45:08.298Z] > refreshing access token with scopes: []
[debug] [2024-09-30T13:45:08.299Z] >>> [apiv2][query] POST https://www.googleapis.com/oauth2/v3/token [none]
[debug] [2024-09-30T13:45:08.299Z] >>> [apiv2][body] POST https://www.googleapis.com/oauth2/v3/token [omitted]
[debug] [2024-09-30T13:45:08.322Z] *** [apiv2] error from fetch(https://firebase-public.firebaseio.com/cli.json, {"headers":{},"method":"GET"}): FetchError: request to https://firebase-public.firebaseio.com/cli.json failed, reason: getaddrinfo ENOTFOUND firebase-public.firebaseio.com
[warn] !  Unable to fetch the CLI MOTD and remote config. This is not a fatal error, but may indicate an issue with your network connection. 
[debug] [2024-09-30T13:45:08.323Z] Failed to fetch MOTD FirebaseError: Failed to make request to https://firebase-public.firebaseio.com/cli.json
[debug] [2024-09-30T13:45:08.323Z] *** [apiv2] error from fetch(https://www.googleapis.com/oauth2/v3/token, {"headers":{},"method":"POST","body":{"_overheadLength":545,"_valueLength":212,"_valuesToMeasure":[],"writable":false,"readable":true,"dataSize":0,"maxDataSize":2097152,"pauseStreams":true,"_released":true,"_streams":[],"_currentStream":null,"_insideLoop":false,"_pendingNext":false,"_boundary":"--------------------------853453447088705855530667","_events":{},"_eventsCount":1}}): FetchError: request to https://www.googleapis.com/oauth2/v3/token failed, reason: getaddrinfo ENOTFOUND www.googleapis.com
[debug] [2024-09-30T13:45:08.324Z] [iam] error while checking permissions, command may fail: FirebaseError: Authentication Error: Your credentials are no longer valid. Please run firebase login --reauth

For CI servers and headless environments, generate a new token with firebase login:ci
[debug] [2024-09-30T13:45:08.324Z] Checked if tokens are valid: false, expires at: 1727523313072
[debug] [2024-09-30T13:45:08.324Z] Checked if tokens are valid: false, expires at: 1727523313072
[debug] [2024-09-30T13:45:08.324Z] > refreshing access token with scopes: []
[debug] [2024-09-30T13:45:08.325Z] >>> [apiv2][query] POST https://www.googleapis.com/oauth2/v3/token [none]
[debug] [2024-09-30T13:45:08.325Z] >>> [apiv2][body] POST https://www.googleapis.com/oauth2/v3/token [omitted]
[debug] [2024-09-30T13:45:08.339Z] *** [apiv2] error from fetch(https://www.googleapis.com/oauth2/v3/token, {"headers":{},"method":"POST","body":{"_overheadLength":545,"_valueLength":212,"_valuesToMeasure":[],"writable":false,"readable":true,"dataSize":0,"maxDataSize":2097152,"pauseStreams":true,"_released":true,"_streams":[],"_currentStream":null,"_insideLoop":false,"_pendingNext":false,"_boundary":"--------------------------021639585380590559057909","_events":{},"_eventsCount":1}}): FetchError: request to https://www.googleapis.com/oauth2/v3/token failed, reason: getaddrinfo ENOTFOUND www.googleapis.com
[debug] [2024-09-30T13:45:08.339Z] Authentication Error: Your credentials are no longer valid. Please run firebase login --reauth

For CI servers and headless environments, generate a new token with firebase login:ci
[error] 
[error] Error: Assertion failed: resolving hosting target of a site with no site name or target name. This should have caused an error earlier
